./function_equivalent_code/0_3.10.c  Creating equivalent function failed at:simple if else statement
./function_equivalent_code/0_6.3.c  Creating equivalent function failed at:switch statement
./function_equivalent_code/0_7.5.c  Creating equivalent function failed at:switch statement
./function_equivalent_code/1_3.10.c  Creating equivalent function failed at:simple if else statement
./function_equivalent_code/1_6.3.c  Creating equivalent function failed at:switch statement
./function_equivalent_code/1_7.7.c  Creating equivalent function failed at:switch statement
./function_equivalent_code/1_7.8.c  Creating equivalent function failed at:switch statement
./function_equivalent_code/2_6.3.c  Creating equivalent function failed at:switch statement
./function_equivalent_code/2_7.7.c  Creating equivalent function failed at:switch statement
./function_equivalent_code/2_7.8.c  Creating equivalent function failed at:switch statement
./function_equivalent_code/3_3.10.c  Creating equivalent function failed at:simple if else statement
./function_equivalent_code/4_6.3.c  Creating equivalent function failed at:switch statement
./function_equivalent_code/5_6.3.c  Creating equivalent function failed at:switch statement
./function_equivalent_code/0_0_3.10.c  Creating equivalent function failed at:simple if else statement
./function_equivalent_code/0_0_3.5.c  Creating equivalent function failed at:simple if else statement
./function_equivalent_code/0_0_6.1.c  Creating equivalent function failed at second part (adding recursion, or non recursion)
./function_equivalent_code/0_0_6.2.c  Creating equivalent function failed at second part (adding recursion, or non recursion)
./function_equivalent_code/0_0_6.3.c  Creating equivalent function failed at:switch statement
./function_equivalent_code/0_0_7.5.c  Creating equivalent function failed at:switch statement
./function_equivalent_code/0_1_3.10.c  Creating equivalent function failed at:simple if else statement
./function_equivalent_code/0_1_6.3.c  Creating equivalent function failed at:switch statement
./function_equivalent_code/0_2_3.5.c  Creating equivalent function failed at:simple if else statement
./function_equivalent_code/0_2_6.3.c  Creating equivalent function failed at:switch statement
./function_equivalent_code/0_2_7.7.c  Creating equivalent function failed at:switch statement
./function_equivalent_code/0_2_7.8.c  Creating equivalent function failed at:switch statement
./function_equivalent_code/0_3.10.c  Creating equivalent function failed at:simple if else statement
./function_equivalent_code/0_3_3.10.c  Creating equivalent function failed at:simple if else statement
./function_equivalent_code/0_4_3.5.c  Creating equivalent function failed at:simple if else statement
./function_equivalent_code/0_4_6.3.c  Creating equivalent function failed at:switch statement
./function_equivalent_code/0_5_6.3.c  Creating equivalent function failed at:switch statement
./function_equivalent_code/0_6.3.c  Creating equivalent function failed at:switch statement
./function_equivalent_code/0_7.5.c  Creating equivalent function failed at:switch statement
./function_equivalent_code/1_0_2.1.1.c  Creating equivalent function failed at:while-for loop
./function_equivalent_code/1_0_2.1.c  Creating equivalent function failed at:while-for loop
./function_equivalent_code/1_0_3.10.c  Creating equivalent function failed at:simple if else statement
./function_equivalent_code/1_0_6.3.c  Creating equivalent function failed at:switch statement
./function_equivalent_code/1_0_7.5.c  Creating equivalent function failed at:switch statement
./function_equivalent_code/1_1_6.1.c  Creating equivalent function failed at second part (adding recursion, or non recursion)
./function_equivalent_code/1_1_6.3.c  Creating equivalent function failed at:switch statement
./function_equivalent_code/1_2_6.3.c  Creating equivalent function failed at:switch statement
./function_equivalent_code/1_2_7.7.c  Creating equivalent function failed at:switch statement
./function_equivalent_code/1_2_7.8.c  Creating equivalent function failed at:switch statement
./function_equivalent_code/1_3.10.c  Creating equivalent function failed at:simple if else statement
./function_equivalent_code/1_3_3.10.c  Creating equivalent function failed at:simple if else statement
./function_equivalent_code/1_5_6.3.c  Creating equivalent function failed at:switch statement
./function_equivalent_code/1_6.3.c  Creating equivalent function failed at:switch statement
./function_equivalent_code/1_7.7.c  Creating equivalent function failed at:switch statement
./function_equivalent_code/1_7.8.c  Creating equivalent function failed at:switch statement
./function_equivalent_code/2_0_6.3.c  Creating equivalent function failed at:switch statement
./function_equivalent_code/2_1_3.10.c  Creating equivalent function failed at:simple if else statement
./function_equivalent_code/2_1_6.3.c  Creating equivalent function failed at:switch statement
./function_equivalent_code/2_1_7.7.c  Creating equivalent function failed at:switch statement
./function_equivalent_code/2_1_7.8.c  Creating equivalent function failed at:switch statement
./function_equivalent_code/2_2_6.2.c  Creating equivalent function failed at second part (adding recursion, or non recursion)
./function_equivalent_code/2_2_6.3.c  Creating equivalent function failed at:switch statement
./function_equivalent_code/2_5_6.3.c  Creating equivalent function failed at:switch statement
./function_equivalent_code/2_6.3.c  Creating equivalent function failed at:switch statement
./function_equivalent_code/2_7.7.c  Creating equivalent function failed at:switch statement
./function_equivalent_code/2_7.8.c  Creating equivalent function failed at:switch statement
./function_equivalent_code/3_0_3.10.c  Creating equivalent function failed at:simple if else statement
./function_equivalent_code/3_0_6.3.c  Creating equivalent function failed at:switch statement
./function_equivalent_code/3_1_3.20.c  Creating equivalent function failed at:while-for loop
./function_equivalent_code/3_1_6.3.c  Creating equivalent function failed at:switch statement
./function_equivalent_code/3_1_7.7.c  Creating equivalent function failed at:switch statement
./function_equivalent_code/3_1_7.8.c  Creating equivalent function failed at:switch statement
./function_equivalent_code/3_2_6.3.c  Creating equivalent function failed at:switch statement
./function_equivalent_code/3_3.10.c  Creating equivalent function failed at:simple if else statement
./function_equivalent_code/3_3_3.10.c  Creating equivalent function failed at:simple if else statement
./function_equivalent_code/3_4_6.3.c  Creating equivalent function failed at:switch statement
./function_equivalent_code/3_5_6.3.c  Creating equivalent function failed at:switch statement
./function_equivalent_code/4_0_6.3.c  Creating equivalent function failed at:switch statement
./function_equivalent_code/4_1_6.3.c  Creating equivalent function failed at:switch statement
./function_equivalent_code/4_2_6.3.c  Creating equivalent function failed at:switch statement
./function_equivalent_code/4_4_6.3.c  Creating equivalent function failed at:switch statement
./function_equivalent_code/4_5_6.3.c  Creating equivalent function failed at:switch statement
./function_equivalent_code/4_6.3.c  Creating equivalent function failed at:switch statement
./function_equivalent_code/5_0_6.3.c  Creating equivalent function failed at:switch statement
./function_equivalent_code/5_2_6.3.c  Creating equivalent function failed at:switch statement
./function_equivalent_code/5_4_6.3.c  Creating equivalent function failed at:switch statement
./function_equivalent_code/5_5_6.3.c  Creating equivalent function failed at:switch statement
./function_equivalent_code/5_6.3.c  Creating equivalent function failed at:switch statement
./function_equivalent_code/6_4_6.3.c  Creating equivalent function failed at:switch statement
